// Jest Snapshot v1, https://goo.gl/fbAQLP

exports[`CarouselSlide passes other props through to <figure></figure> 1`] = `
<figure
  className="my-carousel-slide"
  onClick={[Function]}
  onKeyDown={[Function]}
  role="presentation"
  style={Object {}}
>
  <img
    alt="default"
    src="https://example.com/default,jpg"
  />
  <figcaption>
    <strong>
      default
    </strong>
     
  </figcaption>
</figure>
`;
